<html>
<body>
<pre>
<h1>µVision Build Log</h1>
<h2>Project:</h2>
F:\Practice\Nuvoton\M451_Series_BSP_CMSIS_V3.01.001\M451 Series BSP CMSIS V3.01.001\SampleCode\StdDriver\UART_TxRxFunction\KEIL\UART_TxRxFunction.uvproj
Project File Date:  07/27/2016

<h2>Output:</h2>
Build target 'UART_TxRxFunction'
creating preprocessor file for system_M451Series.c...
compiling system_M451Series.c...
assembling startup_M451Series.s...
creating preprocessor file for main.c...
compiling main.c...
..\main.c(42): warning:  #1295-D: Deprecated declaration UART1_TEST_HANDLE - give arg types
  void UART1_TEST_HANDLE();
..\main.c: 1 warning, 0 errors
creating preprocessor file for retarget.c...
compiling retarget.c...
creating preprocessor file for clk.c...
compiling clk.c...
creating preprocessor file for sys.c...
compiling sys.c...
creating preprocessor file for uart.c...
compiling uart.c...
linking...
Program Size: Code=4944 RO-data=400 RW-data=76 ZI-data=3076  
After Build - User command #1: fromelf --bin ".\obj\UART_TxRxFunction.axf" --output ".\obj\UART_TxRxFunction.bin"
After Build - User command #2: fromelf --text -c ".\obj\UART_TxRxFunction.axf" --output ".\obj\UART_TxRxFunction.txt"
".\obj\UART_TxRxFunction.axf" - 0 Error(s), 1 Warning(s).
