ARM Linker, 5.03 [Build 76] [MDK-ARM Lite]

==============================================================================

Small function inlining results

Inlined total of 0 calls.

==============================================================================

Section Cross References

    system_m451series.o(.text) refers to system_m451series.o(.data) for .data
    startup_m451series.o(RESET) refers to startup_m451series.o(STACK) for __initial_sp
    startup_m451series.o(RESET) refers to startup_m451series.o(.text) for Reset_Handler
    startup_m451series.o(RESET) refers to retarget.o(.emb_text) for HardFault_Handler
    startup_m451series.o(RESET) refers to main.o(.text) for UART0_IRQHandler
    startup_m451series.o(.text) refers to system_m451series.o(.text) for SystemInit
    startup_m451series.o(.text) refers to entry.o(.ARM.Collect$$$$00000000) for __main
    main.o(.text) refers to clk.o(.text) for CLK_EnableXtalRC
    main.o(.text) refers to sys.o(.text) for SYS_ResetModule
    main.o(.text) refers to uart.o(.text) for UART_Open
    main.o(.text) refers to printf5.o(i.__0printf$5) for __2printf
    main.o(.text) refers to main.o(.data) for .data
    main.o(.text) refers to system_m451series.o(.data) for SystemCoreClock
    main.o(.text) refers to main.o(.bss) for .bss
    retarget.o(.emb_text) refers to retarget.o(.text) for Hard_Fault_Handler
    retarget.o(.text) refers to printf5.o(i.__0printf$5) for __2printf
    clk.o(.text) refers to system_m451series.o(.text) for SystemCoreClockUpdate
    clk.o(.text) refers to system_m451series.o(.data) for SystemCoreClock
    uart.o(.text) refers to uart.o(.constdata) for .constdata
    entry.o(.ARM.Collect$$$$00000000) refers (Special) to entry10a.o(.ARM.Collect$$$$0000000D) for __rt_final_cpp
    entry.o(.ARM.Collect$$$$00000000) refers (Special) to entry11a.o(.ARM.Collect$$$$0000000F) for __rt_final_exit
    entry.o(.ARM.Collect$$$$00000000) refers (Special) to entry7b.o(.ARM.Collect$$$$00000008) for _main_clock
    entry.o(.ARM.Collect$$$$00000000) refers (Special) to entry8b.o(.ARM.Collect$$$$0000000A) for _main_cpp_init
    entry.o(.ARM.Collect$$$$00000000) refers (Special) to entry9a.o(.ARM.Collect$$$$0000000B) for _main_init
    entry.o(.ARM.Collect$$$$00000000) refers (Special) to entry5.o(.ARM.Collect$$$$00000004) for _main_scatterload
    entry.o(.ARM.Collect$$$$00000000) refers (Special) to entry2.o(.ARM.Collect$$$$00000001) for _main_stk
    printfb.o(i.__0fprintf$bare) refers to printfb.o(i._printf_core) for _printf_core
    printfb.o(i.__0fprintf$bare) refers to retarget.o(.text) for fputc
    printfb.o(i.__0printf$bare) refers to printfb.o(i._printf_core) for _printf_core
    printfb.o(i.__0printf$bare) refers to retarget.o(.text) for fputc
    printfb.o(i.__0printf$bare) refers to retarget.o(.data) for __stdout
    printfb.o(i.__0snprintf$bare) refers to printfb.o(i._printf_core) for _printf_core
    printfb.o(i.__0snprintf$bare) refers to printfb.o(i._snputc) for _snputc
    printfb.o(i.__0sprintf$bare) refers to printfb.o(i._printf_core) for _printf_core
    printfb.o(i.__0sprintf$bare) refers to printfb.o(i._sputc) for _sputc
    printfb.o(i.__0vfprintf$bare) refers to printfb.o(i._printf_core) for _printf_core
    printfb.o(i.__0vfprintf$bare) refers to retarget.o(.text) for fputc
    printfb.o(i.__0vprintf$bare) refers to printfb.o(i._printf_core) for _printf_core
    printfb.o(i.__0vprintf$bare) refers to retarget.o(.text) for fputc
    printfb.o(i.__0vprintf$bare) refers to retarget.o(.data) for __stdout
    printfb.o(i.__0vsnprintf$bare) refers to printfb.o(i._printf_core) for _printf_core
    printfb.o(i.__0vsnprintf$bare) refers to printfb.o(i._snputc) for _snputc
    printfb.o(i.__0vsprintf$bare) refers to printfb.o(i._printf_core) for _printf_core
    printfb.o(i.__0vsprintf$bare) refers to printfb.o(i._sputc) for _sputc
    printf0.o(i.__0fprintf$0) refers to printf0.o(i._printf_core) for _printf_core
    printf0.o(i.__0fprintf$0) refers to retarget.o(.text) for fputc
    printf0.o(i.__0printf$0) refers to printf0.o(i._printf_core) for _printf_core
    printf0.o(i.__0printf$0) refers to retarget.o(.text) for fputc
    printf0.o(i.__0printf$0) refers to retarget.o(.data) for __stdout
    printf0.o(i.__0snprintf$0) refers to printf0.o(i._printf_core) for _printf_core
    printf0.o(i.__0snprintf$0) refers to printf0.o(i._snputc) for _snputc
    printf0.o(i.__0sprintf$0) refers to printf0.o(i._printf_core) for _printf_core
    printf0.o(i.__0sprintf$0) refers to printf0.o(i._sputc) for _sputc
    printf0.o(i.__0vfprintf$0) refers to printf0.o(i._printf_core) for _printf_core
    printf0.o(i.__0vfprintf$0) refers to retarget.o(.text) for fputc
    printf0.o(i.__0vprintf$0) refers to printf0.o(i._printf_core) for _printf_core
    printf0.o(i.__0vprintf$0) refers to retarget.o(.text) for fputc
    printf0.o(i.__0vprintf$0) refers to retarget.o(.data) for __stdout
    printf0.o(i.__0vsnprintf$0) refers to printf0.o(i._printf_core) for _printf_core
    printf0.o(i.__0vsnprintf$0) refers to printf0.o(i._snputc) for _snputc
    printf0.o(i.__0vsprintf$0) refers to printf0.o(i._printf_core) for _printf_core
    printf0.o(i.__0vsprintf$0) refers to printf0.o(i._sputc) for _sputc
    printf1.o(i.__0fprintf$1) refers to printf1.o(i._printf_core) for _printf_core
    printf1.o(i.__0fprintf$1) refers to retarget.o(.text) for fputc
    printf1.o(i.__0printf$1) refers to printf1.o(i._printf_core) for _printf_core
    printf1.o(i.__0printf$1) refers to retarget.o(.text) for fputc
    printf1.o(i.__0printf$1) refers to retarget.o(.data) for __stdout
    printf1.o(i.__0snprintf$1) refers to printf1.o(i._printf_core) for _printf_core
    printf1.o(i.__0snprintf$1) refers to printf1.o(i._snputc) for _snputc
    printf1.o(i.__0sprintf$1) refers to printf1.o(i._printf_core) for _printf_core
    printf1.o(i.__0sprintf$1) refers to printf1.o(i._sputc) for _sputc
    printf1.o(i.__0vfprintf$1) refers to printf1.o(i._printf_core) for _printf_core
    printf1.o(i.__0vfprintf$1) refers to retarget.o(.text) for fputc
    printf1.o(i.__0vprintf$1) refers to printf1.o(i._printf_core) for _printf_core
    printf1.o(i.__0vprintf$1) refers to retarget.o(.text) for fputc
    printf1.o(i.__0vprintf$1) refers to retarget.o(.data) for __stdout
    printf1.o(i.__0vsnprintf$1) refers to printf1.o(i._printf_core) for _printf_core
    printf1.o(i.__0vsnprintf$1) refers to printf1.o(i._snputc) for _snputc
    printf1.o(i.__0vsprintf$1) refers to printf1.o(i._printf_core) for _printf_core
    printf1.o(i.__0vsprintf$1) refers to printf1.o(i._sputc) for _sputc
    printf1.o(i._printf_core) refers to uidiv.o(.text) for __aeabi_uidivmod
    printf2.o(i.__0fprintf$2) refers to printf2.o(i._printf_core) for _printf_core
    printf2.o(i.__0fprintf$2) refers to retarget.o(.text) for fputc
    printf2.o(i.__0printf$2) refers to printf2.o(i._printf_core) for _printf_core
    printf2.o(i.__0printf$2) refers to retarget.o(.text) for fputc
    printf2.o(i.__0printf$2) refers to retarget.o(.data) for __stdout
    printf2.o(i.__0snprintf$2) refers to printf2.o(i._printf_core) for _printf_core
    printf2.o(i.__0snprintf$2) refers to printf2.o(i._snputc) for _snputc
    printf2.o(i.__0sprintf$2) refers to printf2.o(i._printf_core) for _printf_core
    printf2.o(i.__0sprintf$2) refers to printf2.o(i._sputc) for _sputc
    printf2.o(i.__0vfprintf$2) refers to printf2.o(i._printf_core) for _printf_core
    printf2.o(i.__0vfprintf$2) refers to retarget.o(.text) for fputc
    printf2.o(i.__0vprintf$2) refers to printf2.o(i._printf_core) for _printf_core
    printf2.o(i.__0vprintf$2) refers to retarget.o(.text) for fputc
    printf2.o(i.__0vprintf$2) refers to retarget.o(.data) for __stdout
    printf2.o(i.__0vsnprintf$2) refers to printf2.o(i._printf_core) for _printf_core
    printf2.o(i.__0vsnprintf$2) refers to printf2.o(i._snputc) for _snputc
    printf2.o(i.__0vsprintf$2) refers to printf2.o(i._printf_core) for _printf_core
    printf2.o(i.__0vsprintf$2) refers to printf2.o(i._sputc) for _sputc
    printf3.o(i.__0fprintf$3) refers to printf3.o(i._printf_core) for _printf_core
    printf3.o(i.__0fprintf$3) refers to retarget.o(.text) for fputc
    printf3.o(i.__0printf$3) refers to printf3.o(i._printf_core) for _printf_core
    printf3.o(i.__0printf$3) refers to retarget.o(.text) for fputc
    printf3.o(i.__0printf$3) refers to retarget.o(.data) for __stdout
    printf3.o(i.__0snprintf$3) refers to printf3.o(i._printf_core) for _printf_core
    printf3.o(i.__0snprintf$3) refers to printf3.o(i._snputc) for _snputc
    printf3.o(i.__0sprintf$3) refers to printf3.o(i._printf_core) for _printf_core
    printf3.o(i.__0sprintf$3) refers to printf3.o(i._sputc) for _sputc
    printf3.o(i.__0vfprintf$3) refers to printf3.o(i._printf_core) for _printf_core
    printf3.o(i.__0vfprintf$3) refers to retarget.o(.text) for fputc
    printf3.o(i.__0vprintf$3) refers to printf3.o(i._printf_core) for _printf_core
    printf3.o(i.__0vprintf$3) refers to retarget.o(.text) for fputc
    printf3.o(i.__0vprintf$3) refers to retarget.o(.data) for __stdout
    printf3.o(i.__0vsnprintf$3) refers to printf3.o(i._printf_core) for _printf_core
    printf3.o(i.__0vsnprintf$3) refers to printf3.o(i._snputc) for _snputc
    printf3.o(i.__0vsprintf$3) refers to printf3.o(i._printf_core) for _printf_core
    printf3.o(i.__0vsprintf$3) refers to printf3.o(i._sputc) for _sputc
    printf3.o(i._printf_core) refers to uidiv.o(.text) for __aeabi_uidivmod
    printf4.o(i.__0fprintf$4) refers to printf4.o(i._printf_core) for _printf_core
    printf4.o(i.__0fprintf$4) refers to retarget.o(.text) for fputc
    printf4.o(i.__0printf$4) refers to printf4.o(i._printf_core) for _printf_core
    printf4.o(i.__0printf$4) refers to retarget.o(.text) for fputc
    printf4.o(i.__0printf$4) refers to retarget.o(.data) for __stdout
    printf4.o(i.__0snprintf$4) refers to printf4.o(i._printf_core) for _printf_core
    printf4.o(i.__0snprintf$4) refers to printf4.o(i._snputc) for _snputc
    printf4.o(i.__0sprintf$4) refers to printf4.o(i._printf_core) for _printf_core
    printf4.o(i.__0sprintf$4) refers to printf4.o(i._sputc) for _sputc
    printf4.o(i.__0vfprintf$4) refers to printf4.o(i._printf_core) for _printf_core
    printf4.o(i.__0vfprintf$4) refers to retarget.o(.text) for fputc
    printf4.o(i.__0vprintf$4) refers to printf4.o(i._printf_core) for _printf_core
    printf4.o(i.__0vprintf$4) refers to retarget.o(.text) for fputc
    printf4.o(i.__0vprintf$4) refers to retarget.o(.data) for __stdout
    printf4.o(i.__0vsnprintf$4) refers to printf4.o(i._printf_core) for _printf_core
    printf4.o(i.__0vsnprintf$4) refers to printf4.o(i._snputc) for _snputc
    printf4.o(i.__0vsprintf$4) refers to printf4.o(i._printf_core) for _printf_core
    printf4.o(i.__0vsprintf$4) refers to printf4.o(i._sputc) for _sputc
    printf4.o(i._printf_core) refers to uldiv.o(.text) for __aeabi_uldivmod
    printf5.o(i.__0fprintf$5) refers to printf5.o(i._printf_core) for _printf_core
    printf5.o(i.__0fprintf$5) refers to retarget.o(.text) for fputc
    printf5.o(i.__0printf$5) refers to printf5.o(i._printf_core) for _printf_core
    printf5.o(i.__0printf$5) refers to retarget.o(.text) for fputc
    printf5.o(i.__0printf$5) refers to retarget.o(.data) for __stdout
    printf5.o(i.__0snprintf$5) refers to printf5.o(i._printf_core) for _printf_core
    printf5.o(i.__0snprintf$5) refers to printf5.o(i._snputc) for _snputc
    printf5.o(i.__0sprintf$5) refers to printf5.o(i._printf_core) for _printf_core
    printf5.o(i.__0sprintf$5) refers to printf5.o(i._sputc) for _sputc
    printf5.o(i.__0vfprintf$5) refers to printf5.o(i._printf_core) for _printf_core
    printf5.o(i.__0vfprintf$5) refers to retarget.o(.text) for fputc
    printf5.o(i.__0vprintf$5) refers to printf5.o(i._printf_core) for _printf_core
    printf5.o(i.__0vprintf$5) refers to retarget.o(.text) for fputc
    printf5.o(i.__0vprintf$5) refers to retarget.o(.data) for __stdout
    printf5.o(i.__0vsnprintf$5) refers to printf5.o(i._printf_core) for _printf_core
    printf5.o(i.__0vsnprintf$5) refers to printf5.o(i._snputc) for _snputc
    printf5.o(i.__0vsprintf$5) refers to printf5.o(i._printf_core) for _printf_core
    printf5.o(i.__0vsprintf$5) refers to printf5.o(i._sputc) for _sputc
    printf5.o(i._printf_core) refers to uldiv.o(.text) for __aeabi_uldivmod
    printf6.o(i.__0fprintf$6) refers to printf6.o(i._printf_core) for _printf_core
    printf6.o(i.__0fprintf$6) refers to retarget.o(.text) for fputc
    printf6.o(i.__0printf$6) refers to printf6.o(i._printf_core) for _printf_core
    printf6.o(i.__0printf$6) refers to retarget.o(.text) for fputc
    printf6.o(i.__0printf$6) refers to retarget.o(.data) for __stdout
    printf6.o(i.__0snprintf$6) refers to printf6.o(i._printf_core) for _printf_core
    printf6.o(i.__0snprintf$6) refers to printf6.o(i._snputc) for _snputc
    printf6.o(i.__0sprintf$6) refers to printf6.o(i._printf_core) for _printf_core
    printf6.o(i.__0sprintf$6) refers to printf6.o(i._sputc) for _sputc
    printf6.o(i.__0vfprintf$6) refers to printf6.o(i._printf_core) for _printf_core
    printf6.o(i.__0vfprintf$6) refers to retarget.o(.text) for fputc
    printf6.o(i.__0vprintf$6) refers to printf6.o(i._printf_core) for _printf_core
    printf6.o(i.__0vprintf$6) refers to retarget.o(.text) for fputc
    printf6.o(i.__0vprintf$6) refers to retarget.o(.data) for __stdout
    printf6.o(i.__0vsnprintf$6) refers to printf6.o(i._printf_core) for _printf_core
    printf6.o(i.__0vsnprintf$6) refers to printf6.o(i._snputc) for _snputc
    printf6.o(i.__0vsprintf$6) refers to printf6.o(i._printf_core) for _printf_core
    printf6.o(i.__0vsprintf$6) refers to printf6.o(i._sputc) for _sputc
    printf6.o(i._printf_core) refers to printf6.o(i._printf_pre_padding) for _printf_pre_padding
    printf6.o(i._printf_core) refers to uidiv.o(.text) for __aeabi_uidivmod
    printf6.o(i._printf_core) refers to printf6.o(i._printf_post_padding) for _printf_post_padding
    printf7.o(i.__0fprintf$7) refers to printf7.o(i._printf_core) for _printf_core
    printf7.o(i.__0fprintf$7) refers to retarget.o(.text) for fputc
    printf7.o(i.__0printf$7) refers to printf7.o(i._printf_core) for _printf_core
    printf7.o(i.__0printf$7) refers to retarget.o(.text) for fputc
    printf7.o(i.__0printf$7) refers to retarget.o(.data) for __stdout
    printf7.o(i.__0snprintf$7) refers to printf7.o(i._printf_core) for _printf_core
    printf7.o(i.__0snprintf$7) refers to printf7.o(i._snputc) for _snputc
    printf7.o(i.__0sprintf$7) refers to printf7.o(i._printf_core) for _printf_core
    printf7.o(i.__0sprintf$7) refers to printf7.o(i._sputc) for _sputc
    printf7.o(i.__0vfprintf$7) refers to printf7.o(i._printf_core) for _printf_core
    printf7.o(i.__0vfprintf$7) refers to retarget.o(.text) for fputc
    printf7.o(i.__0vprintf$7) refers to printf7.o(i._printf_core) for _printf_core
    printf7.o(i.__0vprintf$7) refers to retarget.o(.text) for fputc
    printf7.o(i.__0vprintf$7) refers to retarget.o(.data) for __stdout
    printf7.o(i.__0vsnprintf$7) refers to printf7.o(i._printf_core) for _printf_core
    printf7.o(i.__0vsnprintf$7) refers to printf7.o(i._snputc) for _snputc
    printf7.o(i.__0vsprintf$7) refers to printf7.o(i._printf_core) for _printf_core
    printf7.o(i.__0vsprintf$7) refers to printf7.o(i._sputc) for _sputc
    printf7.o(i._printf_core) refers to printf7.o(i._printf_pre_padding) for _printf_pre_padding
    printf7.o(i._printf_core) refers to uldiv.o(.text) for __aeabi_uldivmod
    printf7.o(i._printf_core) refers to printf7.o(i._printf_post_padding) for _printf_post_padding
    printf8.o(i.__0fprintf$8) refers to printf8.o(i._printf_core) for _printf_core
    printf8.o(i.__0fprintf$8) refers to retarget.o(.text) for fputc
    printf8.o(i.__0printf$8) refers to printf8.o(i._printf_core) for _printf_core
    printf8.o(i.__0printf$8) refers to retarget.o(.text) for fputc
    printf8.o(i.__0printf$8) refers to retarget.o(.data) for __stdout
    printf8.o(i.__0snprintf$8) refers to printf8.o(i._printf_core) for _printf_core
    printf8.o(i.__0snprintf$8) refers to printf8.o(i._snputc) for _snputc
    printf8.o(i.__0sprintf$8) refers to printf8.o(i._printf_core) for _printf_core
    printf8.o(i.__0sprintf$8) refers to printf8.o(i._sputc) for _sputc
    printf8.o(i.__0vfprintf$8) refers to printf8.o(i._printf_core) for _printf_core
    printf8.o(i.__0vfprintf$8) refers to retarget.o(.text) for fputc
    printf8.o(i.__0vprintf$8) refers to printf8.o(i._printf_core) for _printf_core
    printf8.o(i.__0vprintf$8) refers to retarget.o(.text) for fputc
    printf8.o(i.__0vprintf$8) refers to retarget.o(.data) for __stdout
    printf8.o(i.__0vsnprintf$8) refers to printf8.o(i._printf_core) for _printf_core
    printf8.o(i.__0vsnprintf$8) refers to printf8.o(i._snputc) for _snputc
    printf8.o(i.__0vsprintf$8) refers to printf8.o(i._printf_core) for _printf_core
    printf8.o(i.__0vsprintf$8) refers to printf8.o(i._sputc) for _sputc
    printf8.o(i._printf_core) refers to printf8.o(i._printf_pre_padding) for _printf_pre_padding
    printf8.o(i._printf_core) refers to uldiv.o(.text) for __aeabi_uldivmod
    printf8.o(i._printf_core) refers to printf8.o(i._printf_post_padding) for _printf_post_padding
    printfa.o(i.__0fprintf) refers (Special) to iusefp.o(.text) for __I$use$fp
    printfa.o(i.__0fprintf) refers to printfa.o(i._printf_core) for _printf_core
    printfa.o(i.__0fprintf) refers to retarget.o(.text) for fputc
    printfa.o(i.__0printf) refers (Special) to iusefp.o(.text) for __I$use$fp
    printfa.o(i.__0printf) refers to printfa.o(i._printf_core) for _printf_core
    printfa.o(i.__0printf) refers to retarget.o(.text) for fputc
    printfa.o(i.__0printf) refers to retarget.o(.data) for __stdout
    printfa.o(i.__0snprintf) refers (Special) to iusefp.o(.text) for __I$use$fp
    printfa.o(i.__0snprintf) refers to printfa.o(i._printf_core) for _printf_core
    printfa.o(i.__0snprintf) refers to printfa.o(i._snputc) for _snputc
    printfa.o(i.__0sprintf) refers (Special) to iusefp.o(.text) for __I$use$fp
    printfa.o(i.__0sprintf) refers to printfa.o(i._printf_core) for _printf_core
    printfa.o(i.__0sprintf) refers to printfa.o(i._sputc) for _sputc
    printfa.o(i.__0vfprintf) refers (Special) to iusefp.o(.text) for __I$use$fp
    printfa.o(i.__0vfprintf) refers to printfa.o(i._printf_core) for _printf_core
    printfa.o(i.__0vfprintf) refers to retarget.o(.text) for fputc
    printfa.o(i.__0vprintf) refers (Special) to iusefp.o(.text) for __I$use$fp
    printfa.o(i.__0vprintf) refers to printfa.o(i._printf_core) for _printf_core
    printfa.o(i.__0vprintf) refers to retarget.o(.text) for fputc
    printfa.o(i.__0vprintf) refers to retarget.o(.data) for __stdout
    printfa.o(i.__0vsnprintf) refers (Special) to iusefp.o(.text) for __I$use$fp
    printfa.o(i.__0vsnprintf) refers to printfa.o(i._printf_core) for _printf_core
    printfa.o(i.__0vsnprintf) refers to printfa.o(i._snputc) for _snputc
    printfa.o(i.__0vsprintf) refers (Special) to iusefp.o(.text) for __I$use$fp
    printfa.o(i.__0vsprintf) refers to printfa.o(i._printf_core) for _printf_core
    printfa.o(i.__0vsprintf) refers to printfa.o(i._sputc) for _sputc
    printfa.o(i._fp_digits) refers (Special) to iusefp.o(.text) for __I$use$fp
    printfa.o(i._fp_digits) refers to dmul.o(.text) for __aeabi_dmul
    printfa.o(i._fp_digits) refers to ddiv.o(.text) for __aeabi_ddiv
    printfa.o(i._fp_digits) refers to cdrcmple.o(.text) for __aeabi_cdrcmple
    printfa.o(i._fp_digits) refers to dadd.o(.text) for __aeabi_dadd
    printfa.o(i._fp_digits) refers to dfixul.o(.text) for __aeabi_d2ulz
    printfa.o(i._fp_digits) refers to uldiv.o(.text) for __aeabi_uldivmod
    printfa.o(i._printf_core) refers (Special) to iusefp.o(.text) for __I$use$fp
    printfa.o(i._printf_core) refers to printfa.o(i._printf_pre_padding) for _printf_pre_padding
    printfa.o(i._printf_core) refers to uldiv.o(.text) for __aeabi_uldivmod
    printfa.o(i._printf_core) refers to printfa.o(i._printf_post_padding) for _printf_post_padding
    printfa.o(i._printf_core) refers to printfa.o(i._fp_digits) for _fp_digits
    printfa.o(i._printf_core) refers to uidiv.o(.text) for __aeabi_uidivmod
    printfa.o(i._printf_post_padding) refers (Special) to iusefp.o(.text) for __I$use$fp
    printfa.o(i._printf_pre_padding) refers (Special) to iusefp.o(.text) for __I$use$fp
    printfa.o(i._snputc) refers (Special) to iusefp.o(.text) for __I$use$fp
    printfa.o(i._sputc) refers (Special) to iusefp.o(.text) for __I$use$fp
    entry2.o(.ARM.Collect$$$$00000001) refers to entry2.o(.ARM.Collect$$$$00002712) for __lit__00000000
    entry2.o(.ARM.Collect$$$$00002712) refers to startup_m451series.o(STACK) for __initial_sp
    entry2.o(__vectab_stack_and_reset_area) refers to startup_m451series.o(STACK) for __initial_sp
    entry2.o(__vectab_stack_and_reset_area) refers to entry.o(.ARM.Collect$$$$00000000) for __main
    entry5.o(.ARM.Collect$$$$00000004) refers to init.o(.text) for __scatterload
    entry9a.o(.ARM.Collect$$$$0000000B) refers to main.o(.text) for main
    entry9b.o(.ARM.Collect$$$$0000000C) refers to main.o(.text) for main
    uldiv.o(.text) refers to llushr.o(.text) for __aeabi_llsr
    uldiv.o(.text) refers to llshl.o(.text) for __aeabi_llsl
    dadd.o(.text) refers to llshl.o(.text) for __aeabi_llsl
    dadd.o(.text) refers to llsshr.o(.text) for __aeabi_lasr
    dadd.o(.text) refers to depilogue.o(.text) for _double_epilogue
    dmul.o(.text) refers to depilogue.o(.text) for _double_epilogue
    ddiv.o(.text) refers to depilogue.o(.text) for _double_round
    dfixul.o(.text) refers to llushr.o(.text) for __aeabi_llsr
    dfixul.o(.text) refers to llshl.o(.text) for __aeabi_llsl
    init.o(.text) refers to entry5.o(.ARM.Collect$$$$00000004) for __main_after_scatterload
    depilogue.o(.text) refers to llshl.o(.text) for __aeabi_llsl
    depilogue.o(.text) refers to llushr.o(.text) for __aeabi_llsr


==============================================================================

Removing Unused input sections from the image.

    Removing system_m451series.o(.rev16_text), (4 bytes).
    Removing system_m451series.o(.revsh_text), (4 bytes).
    Removing startup_m451series.o(HEAP), (0 bytes).
    Removing main.o(.rev16_text), (4 bytes).
    Removing main.o(.revsh_text), (4 bytes).
    Removing retarget.o(.rev16_text), (4 bytes).
    Removing retarget.o(.revsh_text), (4 bytes).
    Removing retarget.o(.data), (4 bytes).
    Removing clk.o(.rev16_text), (4 bytes).
    Removing clk.o(.revsh_text), (4 bytes).
    Removing sys.o(.rev16_text), (4 bytes).
    Removing sys.o(.revsh_text), (4 bytes).
    Removing uart.o(.rev16_text), (4 bytes).
    Removing uart.o(.revsh_text), (4 bytes).
    Removing dadd.o(.text), (334 bytes).
    Removing dmul.o(.text), (228 bytes).
    Removing ddiv.o(.text), (222 bytes).
    Removing dfixul.o(.text), (48 bytes).
    Removing cdrcmple.o(.text), (40 bytes).
    Removing depilogue.o(.text), (190 bytes).

20 unused section(s) (total 1114 bytes) removed from the image.

==============================================================================

Image Symbol Table

    Local Symbols

    Symbol Name                              Value     Ov Type        Size  Object(Section)

    RESET                                    0x00000000   Section      320  startup_m451series.o(RESET)
    ../clib/microlib/division.c              0x00000000   Number         0  uldiv.o ABSOLUTE
    ../clib/microlib/division.c              0x00000000   Number         0  uidiv.o ABSOLUTE
    ../clib/microlib/init/entry.s            0x00000000   Number         0  entry10a.o ABSOLUTE
    ../clib/microlib/init/entry.s            0x00000000   Number         0  entry9b.o ABSOLUTE
    ../clib/microlib/init/entry.s            0x00000000   Number         0  entry9a.o ABSOLUTE
    ../clib/microlib/init/entry.s            0x00000000   Number         0  entry8b.o ABSOLUTE
    ../clib/microlib/init/entry.s            0x00000000   Number         0  entry8a.o ABSOLUTE
    ../clib/microlib/init/entry.s            0x00000000   Number         0  entry7b.o ABSOLUTE
    ../clib/microlib/init/entry.s            0x00000000   Number         0  entry11b.o ABSOLUTE
    ../clib/microlib/init/entry.s            0x00000000   Number         0  entry2.o ABSOLUTE
    ../clib/microlib/init/entry.s            0x00000000   Number         0  entry7a.o ABSOLUTE
    ../clib/microlib/init/entry.s            0x00000000   Number         0  entry5.o ABSOLUTE
    ../clib/microlib/init/entry.s            0x00000000   Number         0  entry11a.o ABSOLUTE
    ../clib/microlib/init/entry.s            0x00000000   Number         0  entry10b.o ABSOLUTE
    ../clib/microlib/init/entry.s            0x00000000   Number         0  entry.o ABSOLUTE
    ../clib/microlib/longlong.c              0x00000000   Number         0  llshl.o ABSOLUTE
    ../clib/microlib/longlong.c              0x00000000   Number         0  llushr.o ABSOLUTE
    ../clib/microlib/longlong.c              0x00000000   Number         0  llsshr.o ABSOLUTE
    ../clib/microlib/printf/printf.c         0x00000000   Number         0  printf4.o ABSOLUTE
    ../clib/microlib/printf/printf.c         0x00000000   Number         0  printf3.o ABSOLUTE
    ../clib/microlib/printf/printf.c         0x00000000   Number         0  printf2.o ABSOLUTE
    ../clib/microlib/printf/printf.c         0x00000000   Number         0  printf1.o ABSOLUTE
    ../clib/microlib/printf/printf.c         0x00000000   Number         0  printf0.o ABSOLUTE
    ../clib/microlib/printf/printf.c         0x00000000   Number         0  printfb.o ABSOLUTE
    ../clib/microlib/printf/printf.c         0x00000000   Number         0  printfa.o ABSOLUTE
    ../clib/microlib/printf/printf.c         0x00000000   Number         0  printf8.o ABSOLUTE
    ../clib/microlib/printf/printf.c         0x00000000   Number         0  printf5.o ABSOLUTE
    ../clib/microlib/printf/printf.c         0x00000000   Number         0  printf7.o ABSOLUTE
    ../clib/microlib/printf/printf.c         0x00000000   Number         0  printf6.o ABSOLUTE
    ../clib/microlib/printf/stubs.s          0x00000000   Number         0  stubs.o ABSOLUTE
    ../clib/microlib/stubs.s                 0x00000000   Number         0  iusefp.o ABSOLUTE
    ../fplib/microlib/fpadd.c                0x00000000   Number         0  dadd.o ABSOLUTE
    ../fplib/microlib/fpdiv.c                0x00000000   Number         0  ddiv.o ABSOLUTE
    ../fplib/microlib/fpepilogue.c           0x00000000   Number         0  depilogue.o ABSOLUTE
    ../fplib/microlib/fpfix.c                0x00000000   Number         0  dfixul.o ABSOLUTE
    ../fplib/microlib/fpmul.c                0x00000000   Number         0  dmul.o ABSOLUTE
    ..\..\..\..\Library\Device\Nuvoton\M451Series\Source\ARM\startup_M451Series.s 0x00000000   Number         0  startup_m451series.o ABSOLUTE
    ..\..\..\..\Library\Device\Nuvoton\M451Series\Source\system_M451Series.c 0x00000000   Number         0  system_m451series.o ABSOLUTE
    ..\..\..\..\Library\StdDriver\src\clk.c  0x00000000   Number         0  clk.o ABSOLUTE
    ..\..\..\..\Library\StdDriver\src\retarget.c 0x00000000   Number         0  retarget.o ABSOLUTE
    ..\..\..\..\Library\StdDriver\src\sys.c  0x00000000   Number         0  sys.o ABSOLUTE
    ..\..\..\..\Library\StdDriver\src\uart.c 0x00000000   Number         0  uart.o ABSOLUTE
    ..\\..\\..\\..\\Library\\Device\\Nuvoton\\M451Series\\Source\\system_M451Series.c 0x00000000   Number         0  system_m451series.o ABSOLUTE
    ..\\..\\..\\..\\Library\\StdDriver\\src\\clk.c 0x00000000   Number         0  clk.o ABSOLUTE
    ..\\..\\..\\..\\Library\\StdDriver\\src\\retarget.c 0x00000000   Number         0  retarget.o ABSOLUTE
    ..\\..\\..\\..\\Library\\StdDriver\\src\\sys.c 0x00000000   Number         0  sys.o ABSOLUTE
    ..\\..\\..\\..\\Library\\StdDriver\\src\\uart.c 0x00000000   Number         0  uart.o ABSOLUTE
    ..\\main.c                               0x00000000   Number         0  main.o ABSOLUTE
    ..\main.c                                0x00000000   Number         0  main.o ABSOLUTE
    cdrcmple.s                               0x00000000   Number         0  cdrcmple.o ABSOLUTE
    handlers.s                               0x00000000   Number         0  handlers.o ABSOLUTE
    init.s                                   0x00000000   Number         0  init.o ABSOLUTE
    .ARM.Collect$$$$00000000                 0x00000140   Section        0  entry.o(.ARM.Collect$$$$00000000)
    .ARM.Collect$$$$00000001                 0x00000140   Section        4  entry2.o(.ARM.Collect$$$$00000001)
    .ARM.Collect$$$$00000004                 0x00000144   Section        4  entry5.o(.ARM.Collect$$$$00000004)
    .ARM.Collect$$$$00000008                 0x00000148   Section        0  entry7b.o(.ARM.Collect$$$$00000008)
    .ARM.Collect$$$$0000000A                 0x00000148   Section        0  entry8b.o(.ARM.Collect$$$$0000000A)
    .ARM.Collect$$$$0000000B                 0x00000148   Section        8  entry9a.o(.ARM.Collect$$$$0000000B)
    .ARM.Collect$$$$0000000D                 0x00000150   Section        0  entry10a.o(.ARM.Collect$$$$0000000D)
    .ARM.Collect$$$$0000000F                 0x00000150   Section        0  entry11a.o(.ARM.Collect$$$$0000000F)
    .ARM.Collect$$$$00002712                 0x00000150   Section        4  entry2.o(.ARM.Collect$$$$00002712)
    __lit__00000000                          0x00000150   Data           4  entry2.o(.ARM.Collect$$$$00002712)
    .emb_text                                0x00000154   Section       28  retarget.o(.emb_text)
    $v0                                      0x00000154   Number         0  retarget.o(.emb_text)
    .text                                    0x00000170   Section        0  system_m451series.o(.text)
    .text                                    0x00000258   Section       92  startup_m451series.o(.text)
    $v0                                      0x00000258   Number         0  startup_m451series.o(.text)
    Default_Handler                          0x0000029d   Thumb Code     2  startup_m451series.o(.text)
    .text                                    0x000002b4   Section        0  main.o(.text)
    .text                                    0x00000704   Section        0  retarget.o(.text)
    __tagsym$$used                           0x00000705   Number         0  retarget.o(.text)
    stackDump                                0x00000769   Thumb Code    72  retarget.o(.text)
    .text                                    0x0000082c   Section        0  clk.o(.text)
    .text                                    0x00000ca0   Section        0  sys.o(.text)
    .text                                    0x00000d40   Section        0  uart.o(.text)
    CLK_GetPLLClockFreq                      0x00000d41   Thumb Code    72  uart.o(.text)
    NVIC_EnableIRQ                           0x0000106b   Thumb Code    24  uart.o(.text)
    NVIC_DisableIRQ                          0x00001083   Thumb Code    24  uart.o(.text)
    .text                                    0x000010c8   Section        0  uldiv.o(.text)
    .text                                    0x0000112c   Section       36  init.o(.text)
    .text                                    0x00001150   Section        0  llshl.o(.text)
    .text                                    0x0000116e   Section        0  llushr.o(.text)
    i.__0printf$5                            0x00001190   Section        0  printf5.o(i.__0printf$5)
    i.__scatterload_copy                     0x000011b0   Section       14  handlers.o(i.__scatterload_copy)
    i.__scatterload_null                     0x000011be   Section        2  handlers.o(i.__scatterload_null)
    i.__scatterload_zeroinit                 0x000011c0   Section       14  handlers.o(i.__scatterload_zeroinit)
    i._printf_core                           0x000011d0   Section        0  printf5.o(i._printf_core)
    _printf_core                             0x000011d1   Thumb Code   658  printf5.o(i._printf_core)
    .constdata                               0x00001490   Section       48  uart.o(.constdata)
    .data                                    0x20000000   Section       44  system_m451series.o(.data)
    .data                                    0x2000002c   Section       28  main.o(.data)
    .data                                    0x20000048   Section        4  retarget.o(.data)
    .bss                                     0x2000004c   Section     2048  main.o(.bss)
    STACK                                    0x20000850   Section     1024  startup_m451series.o(STACK)

    Global Symbols

    Symbol Name                              Value     Ov Type        Size  Object(Section)

    BuildAttributes$$THM_ISAv4$E$P$D$K$B$S$7EM$VFPi3$EXTD16$VFPS$VFMA$PE$A:L22UL41UL21$X:L11$S22US41US21$IEEE1$IW$USESV6$~STKCKD$USESV7$~SHL$OSPACE$ROPI$EBA8$MICROLIB$REQ8$PRES8$EABIv2 0x00000000   Number         0  anon$$obj.o ABSOLUTE
    __ARM_use_no_argv                        0x00000000   Number         0  main.o ABSOLUTE
    __Vectors                                0x00000000   Data           4  startup_m451series.o(RESET)
    _printf_a                                0x00000000   Number         0  stubs.o ABSOLUTE
    _printf_c                                0x00000000   Number         0  stubs.o ABSOLUTE
    _printf_charcount                        0x00000000   Number         0  stubs.o ABSOLUTE
    _printf_d                                0x00000000   Number         0  stubs.o ABSOLUTE
    _printf_e                                0x00000000   Number         0  stubs.o ABSOLUTE
    _printf_f                                0x00000000   Number         0  stubs.o ABSOLUTE
    _printf_flags                            0x00000000   Number         0  stubs.o ABSOLUTE
    _printf_fp_dec                           0x00000000   Number         0  stubs.o ABSOLUTE
    _printf_fp_hex                           0x00000000   Number         0  stubs.o ABSOLUTE
    _printf_g                                0x00000000   Number         0  stubs.o ABSOLUTE
    _printf_i                                0x00000000   Number         0  stubs.o ABSOLUTE
    _printf_int_dec                          0x00000000   Number         0  stubs.o ABSOLUTE
    _printf_l                                0x00000000   Number         0  stubs.o ABSOLUTE
    _printf_lc                               0x00000000   Number         0  stubs.o ABSOLUTE
    _printf_ll                               0x00000000   Number         0  stubs.o ABSOLUTE
    _printf_lld                              0x00000000   Number         0  stubs.o ABSOLUTE
    _printf_lli                              0x00000000   Number         0  stubs.o ABSOLUTE
    _printf_llo                              0x00000000   Number         0  stubs.o ABSOLUTE
    _printf_llu                              0x00000000   Number         0  stubs.o ABSOLUTE
    _printf_llx                              0x00000000   Number         0  stubs.o ABSOLUTE
    _printf_longlong_dec                     0x00000000   Number         0  stubs.o ABSOLUTE
    _printf_longlong_hex                     0x00000000   Number         0  stubs.o ABSOLUTE
    _printf_longlong_oct                     0x00000000   Number         0  stubs.o ABSOLUTE
    _printf_ls                               0x00000000   Number         0  stubs.o ABSOLUTE
    _printf_mbtowc                           0x00000000   Number         0  stubs.o ABSOLUTE
    _printf_n                                0x00000000   Number         0  stubs.o ABSOLUTE
    _printf_o                                0x00000000   Number         0  stubs.o ABSOLUTE
    _printf_p                                0x00000000   Number         0  stubs.o ABSOLUTE
    _printf_percent                          0x00000000   Number         0  stubs.o ABSOLUTE
    _printf_pre_padding                      0x00000000   Number         0  stubs.o ABSOLUTE
    _printf_return_value                     0x00000000   Number         0  stubs.o ABSOLUTE
    _printf_s                                0x00000000   Number         0  stubs.o ABSOLUTE
    _printf_sizespec                         0x00000000   Number         0  stubs.o ABSOLUTE
    _printf_str                              0x00000000   Number         0  stubs.o ABSOLUTE
    _printf_truncate_signed                  0x00000000   Number         0  stubs.o ABSOLUTE
    _printf_truncate_unsigned                0x00000000   Number         0  stubs.o ABSOLUTE
    _printf_u                                0x00000000   Number         0  stubs.o ABSOLUTE
    _printf_wc                               0x00000000   Number         0  stubs.o ABSOLUTE
    _printf_wctomb                           0x00000000   Number         0  stubs.o ABSOLUTE
    _printf_widthprec                        0x00000000   Number         0  stubs.o ABSOLUTE
    _printf_x                                0x00000000   Number         0  stubs.o ABSOLUTE
    __cpp_initialize__aeabi_                  - Undefined Weak Reference
    __cxa_finalize                            - Undefined Weak Reference
    __decompress                              - Undefined Weak Reference
    _clock_init                               - Undefined Weak Reference
    _microlib_exit                            - Undefined Weak Reference
    __Vectors_End                            0x00000140   Data           0  startup_m451series.o(RESET)
    __Vectors_Size                           0x00000140   Number         0  startup_m451series.o ABSOLUTE
    __main                                   0x00000141   Thumb Code     0  entry.o(.ARM.Collect$$$$00000000)
    _main_stk                                0x00000141   Thumb Code     0  entry2.o(.ARM.Collect$$$$00000001)
    _main_scatterload                        0x00000145   Thumb Code     0  entry5.o(.ARM.Collect$$$$00000004)
    __main_after_scatterload                 0x00000149   Thumb Code     0  entry5.o(.ARM.Collect$$$$00000004)
    _main_clock                              0x00000149   Thumb Code     0  entry7b.o(.ARM.Collect$$$$00000008)
    _main_cpp_init                           0x00000149   Thumb Code     0  entry8b.o(.ARM.Collect$$$$0000000A)
    _main_init                               0x00000149   Thumb Code     0  entry9a.o(.ARM.Collect$$$$0000000B)
    __rt_final_cpp                           0x00000151   Thumb Code     0  entry10a.o(.ARM.Collect$$$$0000000D)
    __rt_final_exit                          0x00000151   Thumb Code     0  entry11a.o(.ARM.Collect$$$$0000000F)
    HardFault_Handler                        0x00000155   Thumb Code    24  retarget.o(.emb_text)
    SystemCoreClockUpdate                    0x00000171   Thumb Code   128  system_m451series.o(.text)
    SystemInit                               0x000001f1   Thumb Code    80  system_m451series.o(.text)
    Reset_Handler                            0x00000259   Thumb Code    50  startup_m451series.o(.text)
    NMI_Handler                              0x0000028b   Thumb Code     2  startup_m451series.o(.text)
    MemManage_Handler                        0x0000028f   Thumb Code     2  startup_m451series.o(.text)
    BusFault_Handler                         0x00000291   Thumb Code     2  startup_m451series.o(.text)
    UsageFault_Handler                       0x00000293   Thumb Code     2  startup_m451series.o(.text)
    SVC_Handler                              0x00000295   Thumb Code     2  startup_m451series.o(.text)
    DebugMon_Handler                         0x00000297   Thumb Code     2  startup_m451series.o(.text)
    PendSV_Handler                           0x00000299   Thumb Code     2  startup_m451series.o(.text)
    SysTick_Handler                          0x0000029b   Thumb Code     2  startup_m451series.o(.text)
    ACMP01_IRQHandler                        0x0000029d   Thumb Code     0  startup_m451series.o(.text)
    ADC00_IRQHandler                         0x0000029d   Thumb Code     0  startup_m451series.o(.text)
    ADC01_IRQHandler                         0x0000029d   Thumb Code     0  startup_m451series.o(.text)
    ADC02_IRQHandler                         0x0000029d   Thumb Code     0  startup_m451series.o(.text)
    ADC03_IRQHandler                         0x0000029d   Thumb Code     0  startup_m451series.o(.text)
    BOD_IRQHandler                           0x0000029d   Thumb Code     0  startup_m451series.o(.text)
    BRAKE0_IRQHandler                        0x0000029d   Thumb Code     0  startup_m451series.o(.text)
    BRAKE1_IRQHandler                        0x0000029d   Thumb Code     0  startup_m451series.o(.text)
    CAN0_IRQHandler                          0x0000029d   Thumb Code     0  startup_m451series.o(.text)
    CLKFAIL_IRQHandler                       0x0000029d   Thumb Code     0  startup_m451series.o(.text)
    DAC_IRQHandler                           0x0000029d   Thumb Code     0  startup_m451series.o(.text)
    EINT0_IRQHandler                         0x0000029d   Thumb Code     0  startup_m451series.o(.text)
    EINT1_IRQHandler                         0x0000029d   Thumb Code     0  startup_m451series.o(.text)
    EINT2_IRQHandler                         0x0000029d   Thumb Code     0  startup_m451series.o(.text)
    EINT3_IRQHandler                         0x0000029d   Thumb Code     0  startup_m451series.o(.text)
    EINT4_IRQHandler                         0x0000029d   Thumb Code     0  startup_m451series.o(.text)
    EINT5_IRQHandler                         0x0000029d   Thumb Code     0  startup_m451series.o(.text)
    GPA_IRQHandler                           0x0000029d   Thumb Code     0  startup_m451series.o(.text)
    GPB_IRQHandler                           0x0000029d   Thumb Code     0  startup_m451series.o(.text)
    GPC_IRQHandler                           0x0000029d   Thumb Code     0  startup_m451series.o(.text)
    GPD_IRQHandler                           0x0000029d   Thumb Code     0  startup_m451series.o(.text)
    GPE_IRQHandler                           0x0000029d   Thumb Code     0  startup_m451series.o(.text)
    GPF_IRQHandler                           0x0000029d   Thumb Code     0  startup_m451series.o(.text)
    I2C0_IRQHandler                          0x0000029d   Thumb Code     0  startup_m451series.o(.text)
    I2C1_IRQHandler                          0x0000029d   Thumb Code     0  startup_m451series.o(.text)
    IRC_IRQHandler                           0x0000029d   Thumb Code     0  startup_m451series.o(.text)
    PDMA_IRQHandler                          0x0000029d   Thumb Code     0  startup_m451series.o(.text)
    PWM0P0_IRQHandler                        0x0000029d   Thumb Code     0  startup_m451series.o(.text)
    PWM0P1_IRQHandler                        0x0000029d   Thumb Code     0  startup_m451series.o(.text)
    PWM0P2_IRQHandler                        0x0000029d   Thumb Code     0  startup_m451series.o(.text)
    PWM1P0_IRQHandler                        0x0000029d   Thumb Code     0  startup_m451series.o(.text)
    PWM1P1_IRQHandler                        0x0000029d   Thumb Code     0  startup_m451series.o(.text)
    PWM1P2_IRQHandler                        0x0000029d   Thumb Code     0  startup_m451series.o(.text)
    PWRWU_IRQHandler                         0x0000029d   Thumb Code     0  startup_m451series.o(.text)
    RAMPE_IRQHandler                         0x0000029d   Thumb Code     0  startup_m451series.o(.text)
    RTC_IRQHandler                           0x0000029d   Thumb Code     0  startup_m451series.o(.text)
    SC0_IRQHandler                           0x0000029d   Thumb Code     0  startup_m451series.o(.text)
    SPI0_IRQHandler                          0x0000029d   Thumb Code     0  startup_m451series.o(.text)
    SPI1_IRQHandler                          0x0000029d   Thumb Code     0  startup_m451series.o(.text)
    SPI2_IRQHandler                          0x0000029d   Thumb Code     0  startup_m451series.o(.text)
    TAMPER_IRQHandler                        0x0000029d   Thumb Code     0  startup_m451series.o(.text)
    TK_IRQHandler                            0x0000029d   Thumb Code     0  startup_m451series.o(.text)
    TMR0_IRQHandler                          0x0000029d   Thumb Code     0  startup_m451series.o(.text)
    TMR1_IRQHandler                          0x0000029d   Thumb Code     0  startup_m451series.o(.text)
    TMR2_IRQHandler                          0x0000029d   Thumb Code     0  startup_m451series.o(.text)
    TMR3_IRQHandler                          0x0000029d   Thumb Code     0  startup_m451series.o(.text)
    UART2_IRQHandler                         0x0000029d   Thumb Code     0  startup_m451series.o(.text)
    UART3_IRQHandler                         0x0000029d   Thumb Code     0  startup_m451series.o(.text)
    USBD_IRQHandler                          0x0000029d   Thumb Code     0  startup_m451series.o(.text)
    USBH_IRQHandler                          0x0000029d   Thumb Code     0  startup_m451series.o(.text)
    USBOTG_IRQHandler                        0x0000029d   Thumb Code     0  startup_m451series.o(.text)
    WDT_IRQHandler                           0x0000029d   Thumb Code     0  startup_m451series.o(.text)
    WWDT_IRQHandler                          0x0000029d   Thumb Code     0  startup_m451series.o(.text)
    SYS_Init                                 0x000002b5   Thumb Code   112  main.o(.text)
    UART1_Init                               0x00000325   Thumb Code    22  main.o(.text)
    UART0_Init                               0x0000033b   Thumb Code    24  main.o(.text)
    UART_FunctionTest                        0x00000353   Thumb Code   102  main.o(.text)
    main                                     0x000003b9   Thumb Code    68  main.o(.text)
    UART_TEST_HANDLE                         0x000003fd   Thumb Code   160  main.o(.text)
    UART0_IRQHandler                         0x0000049d   Thumb Code     2  main.o(.text)
    UART1_TEST_HANDLE                        0x0000049f   Thumb Code   158  main.o(.text)
    UART1_IRQHandler                         0x0000053d   Thumb Code     2  main.o(.text)
    Hard_Fault_Handler                       0x00000705   Thumb Code    16  retarget.o(.text)
    SendChar_ToUART                          0x00000715   Thumb Code    26  retarget.o(.text)
    SendChar                                 0x0000072f   Thumb Code     2  retarget.o(.text)
    GetChar                                  0x00000731   Thumb Code    14  retarget.o(.text)
    kbhit                                    0x0000073f   Thumb Code    10  retarget.o(.text)
    IsDebugFifoEmpty                         0x00000749   Thumb Code    10  retarget.o(.text)
    _ttywrch                                 0x00000753   Thumb Code     2  retarget.o(.text)
    fputc                                    0x00000755   Thumb Code    12  retarget.o(.text)
    fgetc                                    0x00000761   Thumb Code     2  retarget.o(.text)
    ferror                                   0x00000763   Thumb Code     6  retarget.o(.text)
    CLK_DisableModuleClock                   0x0000082d   Thumb Code    30  clk.o(.text)
    CLK_DisableCKO                           0x0000084b   Thumb Code     4  clk.o(.text)
    CLK_SetModuleClock                       0x0000084f   Thumb Code    74  clk.o(.text)
    CLK_EnableModuleClock                    0x00000899   Thumb Code    30  clk.o(.text)
    CLK_EnableCKO                            0x000008b7   Thumb Code    38  clk.o(.text)
    CLK_PowerDown                            0x000008dd   Thumb Code    26  clk.o(.text)
    CLK_Idle                                 0x000008f7   Thumb Code    26  clk.o(.text)
    CLK_GetHXTFreq                           0x00000911   Thumb Code    14  clk.o(.text)
    CLK_GetLXTFreq                           0x0000091f   Thumb Code    20  clk.o(.text)
    CLK_GetPCLK0Freq                         0x00000933   Thumb Code    24  clk.o(.text)
    CLK_GetPCLK1Freq                         0x0000094b   Thumb Code    24  clk.o(.text)
    CLK_GetHCLKFreq                          0x00000963   Thumb Code    12  clk.o(.text)
    CLK_GetCPUFreq                           0x0000096f   Thumb Code    12  clk.o(.text)
    CLK_WaitClockReady                       0x0000097b   Thumb Code    38  clk.o(.text)
    CLK_SetHCLK                              0x000009a1   Thumb Code    88  clk.o(.text)
    CLK_DisablePLL                           0x000009f9   Thumb Code    14  clk.o(.text)
    CLK_EnablePLL                            0x00000a07   Thumb Code   344  clk.o(.text)
    CLK_SetCoreClock                         0x00000b5f   Thumb Code   132  clk.o(.text)
    CLK_SetSysTickClockSrc                   0x00000be3   Thumb Code    16  clk.o(.text)
    CLK_EnableXtalRC                         0x00000bf3   Thumb Code    12  clk.o(.text)
    CLK_DisableXtalRC                        0x00000bff   Thumb Code    12  clk.o(.text)
    CLK_EnableSysTick                        0x00000c0b   Thumb Code   140  clk.o(.text)
    CLK_DisableSysTick                       0x00000c97   Thumb Code    10  clk.o(.text)
    SYS_ClearResetSrc                        0x00000ca1   Thumb Code    12  sys.o(.text)
    SYS_GetBODStatus                         0x00000cad   Thumb Code    12  sys.o(.text)
    SYS_GetResetSrc                          0x00000cb9   Thumb Code     8  sys.o(.text)
    SYS_IsRegLocked                          0x00000cc1   Thumb Code    12  sys.o(.text)
    SYS_ReadPDID                             0x00000ccd   Thumb Code     8  sys.o(.text)
    SYS_ResetChip                            0x00000cd5   Thumb Code    14  sys.o(.text)
    SYS_ResetCPU                             0x00000ce3   Thumb Code    14  sys.o(.text)
    SYS_ResetModule                          0x00000cf1   Thumb Code    26  sys.o(.text)
    SYS_EnableBOD                            0x00000d0b   Thumb Code    34  sys.o(.text)
    SYS_DisableBOD                           0x00000d2d   Thumb Code    14  sys.o(.text)
    UART_ClearIntFlag                        0x00000d89   Thumb Code    68  uart.o(.text)
    UART_Close                               0x00000dcd   Thumb Code     6  uart.o(.text)
    UART_DisableFlowCtrl                     0x00000dd3   Thumb Code    10  uart.o(.text)
    UART_DisableInt                          0x00000ddd   Thumb Code    42  uart.o(.text)
    UART_EnableFlowCtrl                      0x00000e07   Thumb Code    26  uart.o(.text)
    UART_EnableInt                           0x00000e21   Thumb Code    42  uart.o(.text)
    UART_Open                                0x00000e4b   Thumb Code   126  uart.o(.text)
    UART_Read                                0x00000ec9   Thumb Code    44  uart.o(.text)
    UART_SetLine_Config                      0x00000ef5   Thumb Code   126  uart.o(.text)
    UART_SetTimeoutCnt                       0x00000f73   Thumb Code    20  uart.o(.text)
    UART_SelectIrDAMode                      0x00000f87   Thumb Code   136  uart.o(.text)
    UART_SelectRS485Mode                     0x0000100f   Thumb Code    26  uart.o(.text)
    UART_SelectLINMode                       0x00001029   Thumb Code    22  uart.o(.text)
    UART_Write                               0x0000103f   Thumb Code    44  uart.o(.text)
    __aeabi_uldivmod                         0x000010c9   Thumb Code    98  uldiv.o(.text)
    __scatterload                            0x0000112d   Thumb Code    28  init.o(.text)
    __scatterload_rt2                        0x0000112d   Thumb Code     0  init.o(.text)
    __aeabi_llsl                             0x00001151   Thumb Code    30  llshl.o(.text)
    _ll_shift_l                              0x00001151   Thumb Code     0  llshl.o(.text)
    __aeabi_llsr                             0x0000116f   Thumb Code    32  llushr.o(.text)
    _ll_ushift_r                             0x0000116f   Thumb Code     0  llushr.o(.text)
    __0printf$5                              0x00001191   Thumb Code    22  printf5.o(i.__0printf$5)
    __1printf$5                              0x00001191   Thumb Code     0  printf5.o(i.__0printf$5)
    __2printf                                0x00001191   Thumb Code     0  printf5.o(i.__0printf$5)
    __scatterload_copy                       0x000011b1   Thumb Code    14  handlers.o(i.__scatterload_copy)
    __scatterload_null                       0x000011bf   Thumb Code     2  handlers.o(i.__scatterload_null)
    __scatterload_zeroinit                   0x000011c1   Thumb Code    14  handlers.o(i.__scatterload_zeroinit)
    Region$$Table$$Base                      0x000014c0   Number         0  anon$$obj.o(Region$$Table)
    Region$$Table$$Limit                     0x000014e0   Number         0  anon$$obj.o(Region$$Table)
    SystemCoreClock                          0x20000000   Data           4  system_m451series.o(.data)
    CyclesPerUs                              0x20000004   Data           4  system_m451series.o(.data)
    PllClock                                 0x20000008   Data           4  system_m451series.o(.data)
    gau32ClkSrcTbl                           0x2000000c   Data          32  system_m451series.o(.data)
    g_u32comRbytes                           0x2000002c   Data           4  main.o(.data)
    g_u32comRhead                            0x20000030   Data           4  main.o(.data)
    g_u32comRtail                            0x20000034   Data           4  main.o(.data)
    g_bWait                                  0x20000038   Data           4  main.o(.data)
    g_u32comRbytes1                          0x2000003c   Data           4  main.o(.data)
    g_u32comRhead1                           0x20000040   Data           4  main.o(.data)
    g_u32comRtail1                           0x20000044   Data           4  main.o(.data)
    __stdout                                 0x20000048   Data           4  retarget.o(.data)
    g_u8RecData                              0x2000004c   Data        1024  main.o(.bss)
    g_u8RecData1                             0x2000044c   Data        1024  main.o(.bss)
    __initial_sp                             0x20000c50   Data           0  startup_m451series.o(STACK)



==============================================================================

Memory Map of the image

  Image Entry point : 0x00000259

  Load Region LR_1 (Base: 0x00000000, Size: 0x0000152c, Max: 0xffffffff, ABSOLUTE)

    Execution Region ER_RO (Base: 0x00000000, Size: 0x000014e0, Max: 0xffffffff, ABSOLUTE)

    Base Addr    Size         Type   Attr      Idx    E Section Name        Object

    0x00000000   0x00000140   Data   RO          124    RESET               startup_m451series.o
    0x00000140   0x00000000   Code   RO          292  * .ARM.Collect$$$$00000000  mc_w.l(entry.o)
    0x00000140   0x00000004   Code   RO          554    .ARM.Collect$$$$00000001  mc_w.l(entry2.o)
    0x00000144   0x00000004   Code   RO          557    .ARM.Collect$$$$00000004  mc_w.l(entry5.o)
    0x00000148   0x00000000   Code   RO          559    .ARM.Collect$$$$00000008  mc_w.l(entry7b.o)
    0x00000148   0x00000000   Code   RO          561    .ARM.Collect$$$$0000000A  mc_w.l(entry8b.o)
    0x00000148   0x00000008   Code   RO          562    .ARM.Collect$$$$0000000B  mc_w.l(entry9a.o)
    0x00000150   0x00000000   Code   RO          564    .ARM.Collect$$$$0000000D  mc_w.l(entry10a.o)
    0x00000150   0x00000000   Code   RO          566    .ARM.Collect$$$$0000000F  mc_w.l(entry11a.o)
    0x00000150   0x00000004   Code   RO          555    .ARM.Collect$$$$00002712  mc_w.l(entry2.o)
    0x00000154   0x0000001c   Code   RO          189    .emb_text           retarget.o
    0x00000170   0x000000e8   Code   RO            3    .text               system_m451series.o
    0x00000258   0x0000005c   Code   RO          125  * .text               startup_m451series.o
    0x000002b4   0x00000450   Code   RO          131    .text               main.o
    0x00000704   0x00000128   Code   RO          190    .text               retarget.o
    0x0000082c   0x00000474   Code   RO          225    .text               clk.o
    0x00000ca0   0x000000a0   Code   RO          246    .text               sys.o
    0x00000d40   0x00000388   Code   RO          266    .text               uart.o
    0x000010c8   0x00000062   Code   RO          570    .text               mc_w.l(uldiv.o)
    0x0000112a   0x00000002   PAD
    0x0000112c   0x00000024   Code   RO          583    .text               mc_w.l(init.o)
    0x00001150   0x0000001e   Code   RO          585    .text               mc_w.l(llshl.o)
    0x0000116e   0x00000020   Code   RO          587    .text               mc_w.l(llushr.o)
    0x0000118e   0x00000002   PAD
    0x00001190   0x00000020   Code   RO          426    i.__0printf$5       mc_w.l(printf5.o)
    0x000011b0   0x0000000e   Code   RO          595    i.__scatterload_copy  mc_w.l(handlers.o)
    0x000011be   0x00000002   Code   RO          596    i.__scatterload_null  mc_w.l(handlers.o)
    0x000011c0   0x0000000e   Code   RO          597    i.__scatterload_zeroinit  mc_w.l(handlers.o)
    0x000011ce   0x00000002   PAD
    0x000011d0   0x000002c0   Code   RO          433    i._printf_core      mc_w.l(printf5.o)
    0x00001490   0x00000030   Data   RO          267    .constdata          uart.o
    0x000014c0   0x00000020   Data   RO          593    Region$$Table       anon$$obj.o


    Execution Region ER_RW (Base: 0x20000000, Size: 0x0000004c, Max: 0xffffffff, ABSOLUTE)

    Base Addr    Size         Type   Attr      Idx    E Section Name        Object

    0x20000000   0x0000002c   Data   RW            4    .data               system_m451series.o
    0x2000002c   0x0000001c   Data   RW          133    .data               main.o
    0x20000048   0x00000004   Data   RW          191    .data               retarget.o


    Execution Region ER_ZI (Base: 0x2000004c, Size: 0x00000c04, Max: 0xffffffff, ABSOLUTE)

    Base Addr    Size         Type   Attr      Idx    E Section Name        Object

    0x2000004c   0x00000800   Zero   RW          132    .bss                main.o
    0x2000084c   0x00000004   PAD
    0x20000850   0x00000400   Zero   RW          122    STACK               startup_m451series.o


==============================================================================

Image component sizes


      Code (inc. data)   RO Data    RW Data    ZI Data      Debug   Object Name

      1140         88          0          0          0       5915   clk.o
      1104        454          0         28       2048     205059   main.o
       324        128          0          4          0       4793   retarget.o
        92         22        320          0       1024        976   startup_m451series.o
       160          6          0          0          0       1954   sys.o
       232         24          0         44          0      51001   system_m451series.o
       904         46         48          0          0      31500   uart.o

    ----------------------------------------------------------------------
      3956        768        400         76       3076     301198   Object Totals
         0          0         32          0          0          0   (incl. Generated)
         0          0          0          0          4          0   (incl. Padding)

    ----------------------------------------------------------------------

      Code (inc. data)   RO Data    RW Data    ZI Data      Debug   Library Member Name

         0          0          0          0          0          0   entry.o
         0          0          0          0          0          0   entry10a.o
         0          0          0          0          0          0   entry11a.o
         8          4          0          0          0          0   entry2.o
         4          0          0          0          0          0   entry5.o
         0          0          0          0          0          0   entry7b.o
         0          0          0          0          0          0   entry8b.o
         8          4          0          0          0          0   entry9a.o
        30          0          0          0          0          0   handlers.o
        36          8          0          0          0         68   init.o
        30          0          0          0          0         68   llshl.o
        32          0          0          0          0         68   llushr.o
       736         56          0          0          0        184   printf5.o
        98          0          0          0          0         92   uldiv.o

    ----------------------------------------------------------------------
       988         72          0          0          0        480   Library Totals
         6          0          0          0          0          0   (incl. Padding)

    ----------------------------------------------------------------------

      Code (inc. data)   RO Data    RW Data    ZI Data      Debug   Library Name

       982         72          0          0          0        480   mc_w.l

    ----------------------------------------------------------------------
       988         72          0          0          0        480   Library Totals

    ----------------------------------------------------------------------

==============================================================================


      Code (inc. data)   RO Data    RW Data    ZI Data      Debug   

      4944        840        400         76       3076     299922   Grand Totals
      4944        840        400         76       3076     299922   ELF Image Totals
      4944        840        400         76          0          0   ROM Totals

==============================================================================

    Total RO  Size (Code + RO Data)                 5344 (   5.22kB)
    Total RW  Size (RW Data + ZI Data)              3152 (   3.08kB)
    Total ROM Size (Code + RO Data + RW Data)       5420 (   5.29kB)

==============================================================================

